==========================================
Immunization Attack Pipeline
Condition: C4 | Seed: 44
==========================================
Job ID:   9554258
Array ID: 11
Node:     della-l01g10
Time:     Thu Jun 11 02:35:47 PM EDT 2026
GPUs:     MIG-3da51093-d2c2-5228-944d-e7a842c36369

Running Uniform attack fine-tuning on C4...
Adapter: results/adapters/C4 -> Output: results/attack/C4/seed_44
Loading base model on cuda...
Loading adapter from results/adapters/C4...
trainable params: 1,703,936 || all params: 1,237,518,336 || trainable%: 0.1377
Starting Uniform-only attack...
Step 10 | Loss: 8.3558
Step 50 | Loss: 6.4042
Step 100 | Loss: 6.8669
Step 250 | Loss: 6.2599
Step 500 | Loss: 5.9673
✅ Attack completed at Thu Jun 11 02:36:51 PM EDT 2026
